# Transfer verification — 2026-09-28

Scope: a clean partial-candidate directory containing only the 14 accepted
source files and tests/domain.test.mjs. No planning.ts, app.ts or prototype.html.
Node v22.16.0 / npm 10.9.2. No repository-wide or native qualification.

## npm ci --ignore-scripts (exit 0; complete output)

up to date, audited 1 package in 195ms

found 0 vulnerabilities

## npm test (exit 0; final summary excerpt only)
1..38
# tests 38
# suites 0
# pass 38
# fail 0
# cancelled 0
# skipped 0
# todo 0
# duration_ms 225.369737

## npm run prototype:build (exit 1; complete output, local root normalized)

> iteration-planner-interaction-concept@0.1.0 prototype:build
> node build.mjs

(node:832) ExperimentalWarning: stripTypeScriptTypes is an experimental feature and might change at any time
(Use `node --trace-warnings ...` to show where the warning was created)
node:internal/fs/promises:633
  return new FileHandle(await PromisePrototypeThen(
                        ^

Error: ENOENT: no such file or directory, open '<candidate>/source/planning.ts'
    at async open (node:internal/fs/promises:633:25)
    at async readFile (node:internal/fs/promises:1237:14)
    at async file://<candidate>/source/build.mjs:10:17 {
  errno: -2,
  code: 'ENOENT',
  syscall: 'open',
  path: '<candidate>/source/planning.ts'
}

Node.js v22.16.0
